[36mvite v7.3.1 [32mbuilding client environment for production...[36m[39m
transforming...
[32mΓ£ô[39m 106 modules transformed.
rendering chunks...
computing gzip size...
[2mdist/[22m[32mindex.html                 [39m[1m[2m  0.86 kB[22m[1m[22m[2m Γöé gzip:  0.47 kB[22m
[2mdist/[22m[35massets/index-B_8irWBX.css  [39m[1m[2m 29.28 kB[22m[1m[22m[2m Γöé gzip:  5.88 kB[22m
[2mdist/[22m[36massets/index-BWJNVfuh.js   [39m[1m[2m300.99 kB[22m[1m[22m[2m Γöé gzip: 95.14 kB[22m
[32mΓ£ô built in 5.29s[39m
